.\.venv\Scripts\python : Traceback (most recent 
call last):
No linha:1 caractere:1
+ .\.venv\Scripts\python get_users.py 2> 
error_log.txt
+ ~~~~~~~~~~~~~~~~~~~~~~~~~~~~~~~~~~~~~~~~~~~~~~
~~~~~~
    + CategoryInfo          : NotSpecified: (Tr 
   aceback (most recent call last)::String) []  
  , RemoteException
    + FullyQualifiedErrorId : NativeCommandErro 
   r
 
  File "C:\Users\rafpe\Desktop\projeto_BD\VG-24H
\backend\get_users.py", line 7, in <module>
    from portal.models import PortalUser
ImportError: cannot import name 'PortalUser' 
from 'portal.models' (C:\Users\rafpe\Desktop\pro
jeto_BD\VG-24H\backend\portal\models.py)
